000 (069.000.000) 2025-01-02 18:43:41 Job submitted from host: <210.117.208.232:9618?addrs=210.117.208.232-9618&alias=login-0-1.cluster&noUDP&sock=schedd_13260_d5e7>
...
001 (069.000.000) 2025-01-02 18:44:00 Job executing on host: <10.1.1.2:9618?addrs=10.1.1.2-9618&alias=compute-1-0.yhep&noUDP&sock=startd_53615_024b>
	SlotName: slot1_1@compute-1-0.yhep
	CondorScratchDir = "/var/lib/condor/execute/dir_3285435"
	Cpus = 2
	Disk = 1226
	GPUs = 0
	Memory = 4000
...
006 (069.000.000) 2025-01-02 18:44:08 Image size of job updated: 7356
	8  -  MemoryUsage of job (MB)
	7356  -  ResidentSetSize of job (KB)
...
006 (069.000.000) 2025-01-02 18:49:08 Image size of job updated: 473156
	463  -  MemoryUsage of job (MB)
	473156  -  ResidentSetSize of job (KB)
...
006 (069.000.000) 2025-01-02 18:54:09 Image size of job updated: 473156
	463  -  MemoryUsage of job (MB)
	473384  -  ResidentSetSize of job (KB)
...
006 (069.000.000) 2025-01-02 19:44:14 Image size of job updated: 475440
	465  -  MemoryUsage of job (MB)
	475440  -  ResidentSetSize of job (KB)
...
006 (069.000.000) 2025-01-02 19:49:14 Image size of job updated: 479824
	469  -  MemoryUsage of job (MB)
	479824  -  ResidentSetSize of job (KB)
...
005 (069.000.000) 2025-01-02 21:47:11 Job terminated.
	(1) Normal termination (return value 0)
		Usr 0 12:52:52, Sys 0 00:27:34  -  Run Remote Usage
		Usr 0 00:00:00, Sys 0 00:00:00  -  Run Local Usage
		Usr 0 12:52:52, Sys 0 00:27:34  -  Total Remote Usage
		Usr 0 00:00:00, Sys 0 00:00:00  -  Total Local Usage
	0  -  Run Bytes Sent By Job
	0  -  Run Bytes Received By Job
	0  -  Total Bytes Sent By Job
	0  -  Total Bytes Received By Job
	Partitionable Resources :    Usage  Request Allocated 
	   Cpus                 :     4.70        2         2 
	   Disk (KB)            :     1           1      1226 
	   GPUs                 :                           0 
	   Memory (MB)          :   469        4000      4000 
	   TimeExecute (s)      : 10991                       
	   TimeSlotBusy (s)     : 10991                       

	Job terminated of its own accord at 2025-01-02T12:47:11Z with exit-code 0.
...
