000 (069.001.000) 2025-01-02 18:43:41 Job submitted from host: <210.117.208.232:9618?addrs=210.117.208.232-9618&alias=login-0-1.cluster&noUDP&sock=schedd_13260_d5e7>
...
001 (069.001.000) 2025-01-02 18:44:00 Job executing on host: <10.1.1.2:9618?addrs=10.1.1.2-9618&alias=compute-1-0.yhep&noUDP&sock=startd_53615_024b>
	SlotName: slot2_1@compute-1-0.yhep
	CondorScratchDir = "/var/lib/condor/execute/dir_3285436"
	Cpus = 2
	Disk = 1250
	GPUs = 0
	Memory = 4000
...
006 (069.001.000) 2025-01-02 18:44:09 Image size of job updated: 8828
	9  -  MemoryUsage of job (MB)
	8828  -  ResidentSetSize of job (KB)
...
006 (069.001.000) 2025-01-02 18:49:10 Image size of job updated: 508872
	497  -  MemoryUsage of job (MB)
	508872  -  ResidentSetSize of job (KB)
...
006 (069.001.000) 2025-01-02 18:59:11 Image size of job updated: 509472
	498  -  MemoryUsage of job (MB)
	509472  -  ResidentSetSize of job (KB)
...
006 (069.001.000) 2025-01-02 19:09:12 Image size of job updated: 510468
	499  -  MemoryUsage of job (MB)
	510468  -  ResidentSetSize of job (KB)
...
006 (069.001.000) 2025-01-02 19:19:12 Image size of job updated: 511708
	500  -  MemoryUsage of job (MB)
	511708  -  ResidentSetSize of job (KB)
...
006 (069.001.000) 2025-01-02 19:44:16 Image size of job updated: 513516
	502  -  MemoryUsage of job (MB)
	513516  -  ResidentSetSize of job (KB)
...
006 (069.001.000) 2025-01-02 19:54:16 Image size of job updated: 516184
	505  -  MemoryUsage of job (MB)
	516184  -  ResidentSetSize of job (KB)
...
006 (069.001.000) 2025-01-02 19:59:17 Image size of job updated: 518040
	506  -  MemoryUsage of job (MB)
	518040  -  ResidentSetSize of job (KB)
...
006 (069.001.000) 2025-01-02 20:09:17 Image size of job updated: 684608
	669  -  MemoryUsage of job (MB)
	684608  -  ResidentSetSize of job (KB)
...
006 (069.001.000) 2025-01-02 20:14:18 Image size of job updated: 688772
	673  -  MemoryUsage of job (MB)
	688772  -  ResidentSetSize of job (KB)
...
006 (069.001.000) 2025-01-02 20:19:19 Image size of job updated: 689676
	674  -  MemoryUsage of job (MB)
	689676  -  ResidentSetSize of job (KB)
...
005 (069.001.000) 2025-01-02 20:21:32 Job terminated.
	(1) Normal termination (return value 0)
		Usr 0 06:18:29, Sys 0 00:14:35  -  Run Remote Usage
		Usr 0 00:00:00, Sys 0 00:00:00  -  Run Local Usage
		Usr 0 06:18:29, Sys 0 00:14:35  -  Total Remote Usage
		Usr 0 00:00:00, Sys 0 00:00:00  -  Total Local Usage
	0  -  Run Bytes Sent By Job
	0  -  Run Bytes Received By Job
	0  -  Total Bytes Sent By Job
	0  -  Total Bytes Received By Job
	Partitionable Resources :    Usage  Request Allocated 
	   Cpus                 :     2.67        2         2 
	   Disk (KB)            :    25          25      1250 
	   GPUs                 :                           0 
	   Memory (MB)          :   674        4000      4000 
	   TimeExecute (s)      :  5852                       
	   TimeSlotBusy (s)     :  5852                       

	Job terminated of its own accord at 2025-01-02T11:21:32Z with exit-code 0.
...
