000 (081.000.000) 2025-01-02 23:18:39 Job submitted from host: <210.117.208.232:9618?addrs=210.117.208.232-9618&alias=login-0-1.cluster&noUDP&sock=schedd_13260_d5e7>
...
001 (081.000.000) 2025-01-02 23:18:39 Job executing on host: <10.1.1.2:9618?addrs=10.1.1.2-9618&alias=compute-1-0.yhep&noUDP&sock=startd_53615_024b>
	SlotName: slot5_1@compute-1-0.yhep
	CondorScratchDir = "/var/lib/condor/execute/dir_3338971"
	Cpus = 2
	Disk = 1226
	GPUs = 0
	Memory = 4000
...
006 (081.000.000) 2025-01-02 23:18:47 Image size of job updated: 9900
	10  -  MemoryUsage of job (MB)
	9900  -  ResidentSetSize of job (KB)
...
006 (081.000.000) 2025-01-02 23:23:47 Image size of job updated: 510672
	499  -  MemoryUsage of job (MB)
	510672  -  ResidentSetSize of job (KB)
...
005 (081.000.000) 2025-01-03 02:20:11 Job terminated.
	(1) Normal termination (return value 0)
		Usr 0 11:33:15, Sys 0 00:31:21  -  Run Remote Usage
		Usr 0 00:00:00, Sys 0 00:00:00  -  Run Local Usage
		Usr 0 11:33:15, Sys 0 00:31:21  -  Total Remote Usage
		Usr 0 00:00:00, Sys 0 00:00:00  -  Total Local Usage
	0  -  Run Bytes Sent By Job
	0  -  Run Bytes Received By Job
	0  -  Total Bytes Sent By Job
	0  -  Total Bytes Received By Job
	Partitionable Resources :    Usage  Request Allocated 
	   Cpus                 :     2.51        2         2 
	   Disk (KB)            :     1           1      1226 
	   GPUs                 :                           0 
	   Memory (MB)          :   499        4000      4000 
	   TimeExecute (s)      : 10892                       
	   TimeSlotBusy (s)     : 10892                       

	Job terminated of its own accord at 2025-01-02T17:20:11Z with exit-code 0.
...
