000 (063.000.000) 2024-12-28 03:17:48 Job submitted from host: <210.117.208.232:9618?addrs=210.117.208.232-9618&alias=login-0-1.cluster&noUDP&sock=schedd_13260_d5e7>
...
001 (063.000.000) 2024-12-28 03:17:48 Job executing on host: <10.1.1.2:9618?addrs=10.1.1.2-9618&alias=compute-1-0.yhep&noUDP&sock=startd_53615_024b>
	SlotName: slot3_1@compute-1-0.yhep
	CondorScratchDir = "/var/lib/condor/execute/dir_3206917"
	Cpus = 2
	Disk = 1250
	GPUs = 0
	Memory = 4000
...
006 (063.000.000) 2024-12-28 03:17:56 Image size of job updated: 30764
	31  -  MemoryUsage of job (MB)
	30764  -  ResidentSetSize of job (KB)
...
006 (063.000.000) 2024-12-28 03:22:56 Image size of job updated: 39008
	39  -  MemoryUsage of job (MB)
	39008  -  ResidentSetSize of job (KB)
...
005 (063.000.000) 2024-12-28 03:41:40 Job terminated.
	(1) Normal termination (return value 0)
		Usr 0 00:21:24, Sys 0 00:04:03  -  Run Remote Usage
		Usr 0 00:00:00, Sys 0 00:00:00  -  Run Local Usage
		Usr 0 00:21:24, Sys 0 00:04:03  -  Total Remote Usage
		Usr 0 00:00:00, Sys 0 00:00:00  -  Total Local Usage
	0  -  Run Bytes Sent By Job
	0  -  Run Bytes Received By Job
	0  -  Total Bytes Sent By Job
	0  -  Total Bytes Received By Job
	Partitionable Resources :    Usage  Request Allocated 
	   Cpus                 :     0.62        2         2 
	   Disk (KB)            :    25          25      1250 
	   GPUs                 :                           0 
	   Memory (MB)          :    39        4000      4000 
	   TimeExecute (s)      :  1432                       
	   TimeSlotBusy (s)     :  1432                       

	Job terminated of its own accord at 2024-12-27T18:41:40Z with exit-code 0.
...
