000 (066.000.000) 2024-12-28 09:57:05 Job submitted from host: <210.117.208.232:9618?addrs=210.117.208.232-9618&alias=login-0-1.cluster&noUDP&sock=schedd_13260_d5e7>
...
001 (066.000.000) 2024-12-28 09:57:09 Job executing on host: <10.1.1.2:9618?addrs=10.1.1.2-9618&alias=compute-1-0.yhep&noUDP&sock=startd_53615_024b>
	SlotName: slot1_1@compute-1-0.yhep
	CondorScratchDir = "/var/lib/condor/execute/dir_3234697"
	Cpus = 2
	Disk = 1250
	GPUs = 0
	Memory = 4000
...
006 (066.000.000) 2024-12-28 09:57:17 Image size of job updated: 12388
	13  -  MemoryUsage of job (MB)
	12388  -  ResidentSetSize of job (KB)
...
006 (066.000.000) 2024-12-28 10:02:17 Image size of job updated: 107748
	106  -  MemoryUsage of job (MB)
	107748  -  ResidentSetSize of job (KB)
...
006 (066.000.000) 2024-12-28 10:07:17 Image size of job updated: 109448
	107  -  MemoryUsage of job (MB)
	109448  -  ResidentSetSize of job (KB)
...
006 (066.000.000) 2024-12-28 10:12:18 Image size of job updated: 109696
	108  -  MemoryUsage of job (MB)
	109696  -  ResidentSetSize of job (KB)
...
006 (066.000.000) 2024-12-28 10:14:13 Image size of job updated: 109696
	108  -  MemoryUsage of job (MB)
	109788  -  ResidentSetSize of job (KB)
...
005 (066.000.000) 2024-12-28 10:14:13 Job terminated.
	(1) Normal termination (return value 0)
		Usr 0 00:17:45, Sys 0 00:03:47  -  Run Remote Usage
		Usr 0 00:00:00, Sys 0 00:00:00  -  Run Local Usage
		Usr 0 00:17:45, Sys 0 00:03:47  -  Total Remote Usage
		Usr 0 00:00:00, Sys 0 00:00:00  -  Total Local Usage
	0  -  Run Bytes Sent By Job
	0  -  Run Bytes Received By Job
	0  -  Total Bytes Sent By Job
	0  -  Total Bytes Received By Job
	Partitionable Resources :    Usage  Request Allocated 
	   Cpus                 :     0.10        2         2 
	   Disk (KB)            :    25          25      1250 
	   GPUs                 :                           0 
	   Memory (MB)          :   108        4000      4000 
	   TimeExecute (s)      :  1024                       
	   TimeSlotBusy (s)     :  1025                       

	Job terminated of its own accord at 2024-12-28T01:14:13Z with exit-code 0.
...
