000 (061.001.000) 2024-12-28 02:15:09 Job submitted from host: <210.117.208.232:9618?addrs=210.117.208.232-9618&alias=login-0-1.cluster&noUDP&sock=schedd_13260_d5e7>
...
001 (061.001.000) 2024-12-28 02:15:09 Job executing on host: <10.1.1.2:9618?addrs=10.1.1.2-9618&alias=compute-1-0.yhep&noUDP&sock=startd_53615_024b>
	SlotName: slot4_1@compute-1-0.yhep
	CondorScratchDir = "/var/lib/condor/execute/dir_3189766"
	Cpus = 2
	Disk = 1250
	GPUs = 0
	Memory = 4000
...
006 (061.001.000) 2024-12-28 02:15:17 Image size of job updated: 27908
	28  -  MemoryUsage of job (MB)
	27908  -  ResidentSetSize of job (KB)
...
006 (061.001.000) 2024-12-28 02:20:17 Image size of job updated: 39120
	39  -  MemoryUsage of job (MB)
	39120  -  ResidentSetSize of job (KB)
...
006 (061.001.000) 2024-12-28 02:25:18 Image size of job updated: 45488
	45  -  MemoryUsage of job (MB)
	45488  -  ResidentSetSize of job (KB)
...
006 (061.001.000) 2024-12-28 02:35:18 Image size of job updated: 45984
	45  -  MemoryUsage of job (MB)
	45984  -  ResidentSetSize of job (KB)
...
005 (061.001.000) 2024-12-28 02:37:12 Job terminated.
	(1) Normal termination (return value 0)
		Usr 0 00:18:05, Sys 0 00:03:59  -  Run Remote Usage
		Usr 0 00:00:00, Sys 0 00:00:00  -  Run Local Usage
		Usr 0 00:18:05, Sys 0 00:03:59  -  Total Remote Usage
		Usr 0 00:00:00, Sys 0 00:00:00  -  Total Local Usage
	0  -  Run Bytes Sent By Job
	0  -  Run Bytes Received By Job
	0  -  Total Bytes Sent By Job
	0  -  Total Bytes Received By Job
	Partitionable Resources :    Usage  Request Allocated 
	   Cpus                 :     0.31        2         2 
	   Disk (KB)            :    25          25      1250 
	   GPUs                 :                           0 
	   Memory (MB)          :    45        4000      4000 
	   TimeExecute (s)      :  1323                       
	   TimeSlotBusy (s)     :  1323                       

	Job terminated of its own accord at 2024-12-27T17:37:12Z with exit-code 0.
...
