000 (064.000.000) 2024-12-28 03:20:04 Job submitted from host: <210.117.208.232:9618?addrs=210.117.208.232-9618&alias=login-0-1.cluster&noUDP&sock=schedd_13260_d5e7>
...
001 (064.000.000) 2024-12-28 03:20:08 Job executing on host: <10.1.1.2:9618?addrs=10.1.1.2-9618&alias=compute-1-0.yhep&noUDP&sock=startd_53615_024b>
	SlotName: slot1_1@compute-1-0.yhep
	CondorScratchDir = "/var/lib/condor/execute/dir_3208498"
	Cpus = 2
	Disk = 1250
	GPUs = 0
	Memory = 4000
...
006 (064.000.000) 2024-12-28 03:20:16 Image size of job updated: 28056
	28  -  MemoryUsage of job (MB)
	28056  -  ResidentSetSize of job (KB)
...
006 (064.000.000) 2024-12-28 03:25:16 Image size of job updated: 40500
	40  -  MemoryUsage of job (MB)
	40500  -  ResidentSetSize of job (KB)
...
006 (064.000.000) 2024-12-28 03:45:19 Image size of job updated: 44552
	44  -  MemoryUsage of job (MB)
	44552  -  ResidentSetSize of job (KB)
...
005 (064.000.000) 2024-12-28 03:46:13 Job terminated.
	(1) Normal termination (return value 0)
		Usr 0 00:33:34, Sys 0 00:04:34  -  Run Remote Usage
		Usr 0 00:00:00, Sys 0 00:00:00  -  Run Local Usage
		Usr 0 00:33:34, Sys 0 00:04:34  -  Total Remote Usage
		Usr 0 00:00:00, Sys 0 00:00:00  -  Total Local Usage
	0  -  Run Bytes Sent By Job
	0  -  Run Bytes Received By Job
	0  -  Total Bytes Sent By Job
	0  -  Total Bytes Received By Job
	Partitionable Resources :    Usage  Request Allocated 
	   Cpus                 :     0.10        2         2 
	   Disk (KB)            :    25          25      1250 
	   GPUs                 :                           0 
	   Memory (MB)          :    44        4000      4000 
	   TimeExecute (s)      :  1565                       
	   TimeSlotBusy (s)     :  1565                       

	Job terminated of its own accord at 2024-12-27T18:46:13Z with exit-code 0.
...
