000 (070.000.000) 2025-01-02 18:46:28 Job submitted from host: <210.117.208.232:9618?addrs=210.117.208.232-9618&alias=login-0-1.cluster&noUDP&sock=schedd_13260_d5e7>
...
001 (070.000.000) 2025-01-02 18:46:29 Job executing on host: <10.1.1.2:9618?addrs=10.1.1.2-9618&alias=compute-1-0.yhep&noUDP&sock=startd_53615_024b>
	SlotName: slot3_1@compute-1-0.yhep
	CondorScratchDir = "/var/lib/condor/execute/dir_3285625"
	Cpus = 2
	Disk = 1250
	GPUs = 0
	Memory = 4000
...
006 (070.000.000) 2025-01-02 18:46:37 Image size of job updated: 65704
	65  -  MemoryUsage of job (MB)
	65704  -  ResidentSetSize of job (KB)
...
006 (070.000.000) 2025-01-02 18:51:37 Image size of job updated: 388092
	379  -  MemoryUsage of job (MB)
	388092  -  ResidentSetSize of job (KB)
...
006 (070.000.000) 2025-01-02 18:56:38 Image size of job updated: 388092
	380  -  MemoryUsage of job (MB)
	388604  -  ResidentSetSize of job (KB)
...
006 (070.000.000) 2025-01-02 19:06:39 Image size of job updated: 392496
	384  -  MemoryUsage of job (MB)
	392496  -  ResidentSetSize of job (KB)
...
006 (070.000.000) 2025-01-02 19:16:41 Image size of job updated: 393348
	385  -  MemoryUsage of job (MB)
	393348  -  ResidentSetSize of job (KB)
...
006 (070.000.000) 2025-01-02 19:41:43 Image size of job updated: 393720
	385  -  MemoryUsage of job (MB)
	393720  -  ResidentSetSize of job (KB)
...
006 (070.000.000) 2025-01-02 19:46:44 Image size of job updated: 393756
	385  -  MemoryUsage of job (MB)
	393756  -  ResidentSetSize of job (KB)
...
006 (070.000.000) 2025-01-02 19:56:45 Image size of job updated: 396108
	387  -  MemoryUsage of job (MB)
	396108  -  ResidentSetSize of job (KB)
...
006 (070.000.000) 2025-01-02 20:06:47 Image size of job updated: 396856
	388  -  MemoryUsage of job (MB)
	396856  -  ResidentSetSize of job (KB)
...
005 (070.000.000) 2025-01-02 20:09:08 Job terminated.
	(1) Normal termination (return value 0)
		Usr 0 04:36:43, Sys 0 00:18:46  -  Run Remote Usage
		Usr 0 00:00:00, Sys 0 00:00:00  -  Run Local Usage
		Usr 0 04:36:43, Sys 0 00:18:46  -  Total Remote Usage
		Usr 0 00:00:00, Sys 0 00:00:00  -  Total Local Usage
	0  -  Run Bytes Sent By Job
	0  -  Run Bytes Received By Job
	0  -  Total Bytes Sent By Job
	0  -  Total Bytes Received By Job
	Partitionable Resources :    Usage  Request Allocated 
	   Cpus                 :     3.47        2         2 
	   Disk (KB)            :    25          25      1250 
	   GPUs                 :                           0 
	   Memory (MB)          :   388        4000      4000 
	   TimeExecute (s)      :  4959                       
	   TimeSlotBusy (s)     :  4959                       

	Job terminated of its own accord at 2025-01-02T11:09:08Z with exit-code 0.
...
