000 (070.001.000) 2025-01-02 18:46:29 Job submitted from host: <210.117.208.232:9618?addrs=210.117.208.232-9618&alias=login-0-1.cluster&noUDP&sock=schedd_13260_d5e7>
...
001 (070.001.000) 2025-01-02 18:46:29 Job executing on host: <10.1.1.2:9618?addrs=10.1.1.2-9618&alias=compute-1-0.yhep&noUDP&sock=startd_53615_024b>
	SlotName: slot4_1@compute-1-0.yhep
	CondorScratchDir = "/var/lib/condor/execute/dir_3285626"
	Cpus = 2
	Disk = 1250
	GPUs = 0
	Memory = 4000
...
006 (070.001.000) 2025-01-02 18:46:37 Image size of job updated: 61444
	61  -  MemoryUsage of job (MB)
	61444  -  ResidentSetSize of job (KB)
...
006 (070.001.000) 2025-01-02 18:51:37 Image size of job updated: 238856
	234  -  MemoryUsage of job (MB)
	238856  -  ResidentSetSize of job (KB)
...
006 (070.001.000) 2025-01-02 18:56:38 Image size of job updated: 240292
	235  -  MemoryUsage of job (MB)
	240292  -  ResidentSetSize of job (KB)
...
005 (070.001.000) 2025-01-02 19:40:17 Job terminated.
	(1) Normal termination (return value 0)
		Usr 0 02:58:57, Sys 0 00:08:05  -  Run Remote Usage
		Usr 0 00:00:00, Sys 0 00:00:00  -  Run Local Usage
		Usr 0 02:58:57, Sys 0 00:08:05  -  Total Remote Usage
		Usr 0 00:00:00, Sys 0 00:00:00  -  Total Local Usage
	0  -  Run Bytes Sent By Job
	0  -  Run Bytes Received By Job
	0  -  Total Bytes Sent By Job
	0  -  Total Bytes Received By Job
	Partitionable Resources :    Usage  Request Allocated 
	   Cpus                 :     0.81        2         2 
	   Disk (KB)            :    25          25      1250 
	   GPUs                 :                           0 
	   Memory (MB)          :   235        4000      4000 
	   TimeExecute (s)      :  3228                       
	   TimeSlotBusy (s)     :  3228                       

	Job terminated of its own accord at 2025-01-02T10:40:17Z with exit-code 0.
...
