000 (168.002.000) 2025-02-26 14:00:31 Job submitted from host: <210.117.208.232:9618?addrs=210.117.208.232-9618&alias=login-0-1.cluster&noUDP&sock=schedd_13260_d5e7>
...
001 (168.002.000) 2025-02-26 14:00:33 Job executing on host: <10.1.1.2:9618?addrs=10.1.1.2-9618&alias=compute-1-0.yhep&noUDP&sock=startd_53615_024b>
	SlotName: slot103_1@compute-1-0.yhep
	CondorScratchDir = "/var/lib/condor/execute/dir_2589911"
	Cpus = 14
	Disk = 1250
	GPUs = 0
	Memory = 28000
...
006 (168.002.000) 2025-02-26 14:00:42 Image size of job updated: 419404
	410  -  MemoryUsage of job (MB)
	419404  -  ResidentSetSize of job (KB)
...
006 (168.002.000) 2025-02-26 14:05:43 Image size of job updated: 586432
	547  -  MemoryUsage of job (MB)
	559480  -  ResidentSetSize of job (KB)
...
006 (168.002.000) 2025-02-26 14:10:43 Image size of job updated: 606668
	547  -  MemoryUsage of job (MB)
	559480  -  ResidentSetSize of job (KB)
...
006 (168.002.000) 2025-02-26 14:15:44 Image size of job updated: 632740
	606  -  MemoryUsage of job (MB)
	620128  -  ResidentSetSize of job (KB)
...
006 (168.002.000) 2025-02-26 14:20:44 Image size of job updated: 656928
	606  -  MemoryUsage of job (MB)
	620128  -  ResidentSetSize of job (KB)
...
006 (168.002.000) 2025-02-26 14:25:44 Image size of job updated: 672284
	610  -  MemoryUsage of job (MB)
	624496  -  ResidentSetSize of job (KB)
...
006 (168.002.000) 2025-02-26 14:30:45 Image size of job updated: 684680
	655  -  MemoryUsage of job (MB)
	670484  -  ResidentSetSize of job (KB)
...
006 (168.002.000) 2025-02-26 14:35:45 Image size of job updated: 696824
	655  -  MemoryUsage of job (MB)
	670588  -  ResidentSetSize of job (KB)
...
006 (168.002.000) 2025-02-26 14:40:46 Image size of job updated: 709412
	657  -  MemoryUsage of job (MB)
	671948  -  ResidentSetSize of job (KB)
...
006 (168.002.000) 2025-02-26 14:45:47 Image size of job updated: 715356
	657  -  MemoryUsage of job (MB)
	671948  -  ResidentSetSize of job (KB)
...
006 (168.002.000) 2025-02-26 14:50:47 Image size of job updated: 726164
	691  -  MemoryUsage of job (MB)
	706580  -  ResidentSetSize of job (KB)
...
006 (168.002.000) 2025-02-26 14:55:48 Image size of job updated: 737656
	691  -  MemoryUsage of job (MB)
	706580  -  ResidentSetSize of job (KB)
...
006 (168.002.000) 2025-02-26 15:00:48 Image size of job updated: 743256
	691  -  MemoryUsage of job (MB)
	706580  -  ResidentSetSize of job (KB)
...
006 (168.002.000) 2025-02-26 15:05:48 Image size of job updated: 750268
	691  -  MemoryUsage of job (MB)
	706580  -  ResidentSetSize of job (KB)
...
006 (168.002.000) 2025-02-26 15:10:49 Image size of job updated: 760256
	691  -  MemoryUsage of job (MB)
	706580  -  ResidentSetSize of job (KB)
...
006 (168.002.000) 2025-02-26 15:15:49 Image size of job updated: 770164
	691  -  MemoryUsage of job (MB)
	706580  -  ResidentSetSize of job (KB)
...
006 (168.002.000) 2025-02-26 15:20:49 Image size of job updated: 786744
	769  -  MemoryUsage of job (MB)
	786744  -  ResidentSetSize of job (KB)
...
006 (168.002.000) 2025-02-26 15:40:52 Image size of job updated: 786828
	769  -  MemoryUsage of job (MB)
	786744  -  ResidentSetSize of job (KB)
...
006 (168.002.000) 2025-02-26 16:10:54 Image size of job updated: 795380
	769  -  MemoryUsage of job (MB)
	786744  -  ResidentSetSize of job (KB)
...
006 (168.002.000) 2025-02-26 16:15:55 Image size of job updated: 798696
	769  -  MemoryUsage of job (MB)
	786744  -  ResidentSetSize of job (KB)
...
006 (168.002.000) 2025-02-26 16:18:21 Image size of job updated: 802096
	769  -  MemoryUsage of job (MB)
	786744  -  ResidentSetSize of job (KB)
...
005 (168.002.000) 2025-02-26 16:18:21 Job terminated.
	(1) Normal termination (return value 0)
		Usr 0 02:08:42, Sys 0 00:28:52  -  Run Remote Usage
		Usr 0 00:00:00, Sys 0 00:00:00  -  Run Local Usage
		Usr 0 02:08:42, Sys 0 00:28:52  -  Total Remote Usage
		Usr 0 00:00:00, Sys 0 00:00:00  -  Total Local Usage
	0  -  Run Bytes Sent By Job
	0  -  Run Bytes Received By Job
	0  -  Total Bytes Sent By Job
	0  -  Total Bytes Received By Job
	Partitionable Resources :    Usage  Request Allocated 
	   Cpus                 :     0.09       14        14 
	   Disk (KB)            :    25          25      1250 
	   GPUs                 :                           0 
	   Memory (MB)          :   769       28000     28000 
	   TimeExecute (s)      :  8268                       
	   TimeSlotBusy (s)     :  8268                       

	Job terminated of its own accord at 2025-02-26T07:18:21Z with exit-code 0.
...
