000 (168.001.000) 2025-02-26 14:00:31 Job submitted from host: <210.117.208.232:9618?addrs=210.117.208.232-9618&alias=login-0-1.cluster&noUDP&sock=schedd_13260_d5e7>
...
001 (168.001.000) 2025-02-26 14:00:33 Job executing on host: <10.1.1.2:9618?addrs=10.1.1.2-9618&alias=compute-1-0.yhep&noUDP&sock=startd_53615_024b>
	SlotName: slot102_1@compute-1-0.yhep
	CondorScratchDir = "/var/lib/condor/execute/dir_2589914"
	Cpus = 14
	Disk = 1250
	GPUs = 0
	Memory = 28000
...
006 (168.001.000) 2025-02-26 14:00:42 Image size of job updated: 2016564
	1970  -  MemoryUsage of job (MB)
	2016564  -  ResidentSetSize of job (KB)
...
006 (168.001.000) 2025-02-26 14:05:43 Image size of job updated: 2181088
	1970  -  MemoryUsage of job (MB)
	2016564  -  ResidentSetSize of job (KB)
...
005 (168.001.000) 2025-02-26 16:48:33 Job terminated.
	(1) Normal termination (return value 0)
		Usr 0 08:07:37, Sys 0 00:49:18  -  Run Remote Usage
		Usr 0 00:00:00, Sys 0 00:00:00  -  Run Local Usage
		Usr 0 08:07:37, Sys 0 00:49:18  -  Total Remote Usage
		Usr 0 00:00:00, Sys 0 00:00:00  -  Total Local Usage
	0  -  Run Bytes Sent By Job
	0  -  Run Bytes Received By Job
	0  -  Total Bytes Sent By Job
	0  -  Total Bytes Received By Job
	Partitionable Resources :    Usage  Request Allocated 
	   Cpus                 :     0.33       14        14 
	   Disk (KB)            :    25          25      1250 
	   GPUs                 :                           0 
	   Memory (MB)          :  1970       28000     28000 
	   TimeExecute (s)      : 10080                       
	   TimeSlotBusy (s)     : 10080                       

	Job terminated of its own accord at 2025-02-26T07:48:33Z with exit-code 0.
...
