000 (168.000.000) 2025-02-26 14:00:31 Job submitted from host: <210.117.208.232:9618?addrs=210.117.208.232-9618&alias=login-0-1.cluster&noUDP&sock=schedd_13260_d5e7>
...
001 (168.000.000) 2025-02-26 14:00:33 Job executing on host: <10.1.1.2:9618?addrs=10.1.1.2-9618&alias=compute-1-0.yhep&noUDP&sock=startd_53615_024b>
	SlotName: slot101_1@compute-1-0.yhep
	CondorScratchDir = "/var/lib/condor/execute/dir_2589915"
	Cpus = 14
	Disk = 1250
	GPUs = 0
	Memory = 28000
...
006 (168.000.000) 2025-02-26 14:00:42 Image size of job updated: 687148
	672  -  MemoryUsage of job (MB)
	687148  -  ResidentSetSize of job (KB)
...
006 (168.000.000) 2025-02-26 14:05:42 Image size of job updated: 3394724
	790  -  MemoryUsage of job (MB)
	808256  -  ResidentSetSize of job (KB)
...
006 (168.000.000) 2025-02-26 14:10:42 Image size of job updated: 3394724
	947  -  MemoryUsage of job (MB)
	969120  -  ResidentSetSize of job (KB)
...
006 (168.000.000) 2025-02-26 14:15:43 Image size of job updated: 3394724
	1088  -  MemoryUsage of job (MB)
	1114008  -  ResidentSetSize of job (KB)
...
006 (168.000.000) 2025-02-26 14:20:43 Image size of job updated: 3394724
	1111  -  MemoryUsage of job (MB)
	1136900  -  ResidentSetSize of job (KB)
...
006 (168.000.000) 2025-02-26 14:30:44 Image size of job updated: 3394724
	1157  -  MemoryUsage of job (MB)
	1184144  -  ResidentSetSize of job (KB)
...
006 (168.000.000) 2025-02-26 14:35:44 Image size of job updated: 3394724
	1169  -  MemoryUsage of job (MB)
	1196512  -  ResidentSetSize of job (KB)
...
006 (168.000.000) 2025-02-26 15:00:46 Image size of job updated: 3394724
	1231  -  MemoryUsage of job (MB)
	1260128  -  ResidentSetSize of job (KB)
...
006 (168.000.000) 2025-02-26 15:05:47 Image size of job updated: 3394724
	1242  -  MemoryUsage of job (MB)
	1271396  -  ResidentSetSize of job (KB)
...
006 (168.000.000) 2025-02-26 15:45:51 Image size of job updated: 3394724
	1318  -  MemoryUsage of job (MB)
	1348972  -  ResidentSetSize of job (KB)
...
006 (168.000.000) 2025-02-26 15:50:52 Image size of job updated: 3394724
	1323  -  MemoryUsage of job (MB)
	1354192  -  ResidentSetSize of job (KB)
...
006 (168.000.000) 2025-02-26 16:20:55 Image size of job updated: 3394724
	1369  -  MemoryUsage of job (MB)
	1401276  -  ResidentSetSize of job (KB)
...
006 (168.000.000) 2025-02-26 16:45:57 Image size of job updated: 3394724
	1399  -  MemoryUsage of job (MB)
	1432332  -  ResidentSetSize of job (KB)
...
006 (168.000.000) 2025-02-26 16:50:57 Image size of job updated: 3394724
	1412  -  MemoryUsage of job (MB)
	1445728  -  ResidentSetSize of job (KB)
...
006 (168.000.000) 2025-02-26 16:55:58 Image size of job updated: 3394724
	1417  -  MemoryUsage of job (MB)
	1450424  -  ResidentSetSize of job (KB)
...
005 (168.000.000) 2025-02-26 17:03:51 Job terminated.
	(1) Normal termination (return value 0)
		Usr 0 16:30:13, Sys 0 00:49:03  -  Run Remote Usage
		Usr 0 00:00:00, Sys 0 00:00:00  -  Run Local Usage
		Usr 0 16:30:13, Sys 0 00:49:03  -  Total Remote Usage
		Usr 0 00:00:00, Sys 0 00:00:00  -  Total Local Usage
	0  -  Run Bytes Sent By Job
	0  -  Run Bytes Received By Job
	0  -  Total Bytes Sent By Job
	0  -  Total Bytes Received By Job
	Partitionable Resources :    Usage  Request Allocated 
	   Cpus                 :     1.33       14        14 
	   Disk (KB)            :    25          25      1250 
	   GPUs                 :                           0 
	   Memory (MB)          :  1417       28000     28000 
	   TimeExecute (s)      : 10998                       
	   TimeSlotBusy (s)     : 10998                       

	Job terminated of its own accord at 2025-02-26T08:03:51Z with exit-code 0.
...
