000 (168.003.000) 2025-02-26 14:00:31 Job submitted from host: <210.117.208.232:9618?addrs=210.117.208.232-9618&alias=login-0-1.cluster&noUDP&sock=schedd_13260_d5e7>
...
001 (168.003.000) 2025-02-26 14:00:33 Job executing on host: <10.1.1.2:9618?addrs=10.1.1.2-9618&alias=compute-1-0.yhep&noUDP&sock=startd_53615_024b>
	SlotName: slot104_1@compute-1-0.yhep
	CondorScratchDir = "/var/lib/condor/execute/dir_2589912"
	Cpus = 14
	Disk = 1250
	GPUs = 0
	Memory = 28000
...
006 (168.003.000) 2025-02-26 14:00:42 Image size of job updated: 307900
	301  -  MemoryUsage of job (MB)
	307900  -  ResidentSetSize of job (KB)
...
006 (168.003.000) 2025-02-26 14:05:43 Image size of job updated: 546488
	512  -  MemoryUsage of job (MB)
	523304  -  ResidentSetSize of job (KB)
...
006 (168.003.000) 2025-02-26 14:10:43 Image size of job updated: 556616
	512  -  MemoryUsage of job (MB)
	523304  -  ResidentSetSize of job (KB)
...
006 (168.003.000) 2025-02-26 14:15:44 Image size of job updated: 595472
	512  -  MemoryUsage of job (MB)
	523304  -  ResidentSetSize of job (KB)
...
006 (168.003.000) 2025-02-26 14:20:44 Image size of job updated: 619672
	606  -  MemoryUsage of job (MB)
	619672  -  ResidentSetSize of job (KB)
...
006 (168.003.000) 2025-02-26 14:25:44 Image size of job updated: 630864
	606  -  MemoryUsage of job (MB)
	619672  -  ResidentSetSize of job (KB)
...
006 (168.003.000) 2025-02-26 14:30:45 Image size of job updated: 643880
	623  -  MemoryUsage of job (MB)
	637396  -  ResidentSetSize of job (KB)
...
006 (168.003.000) 2025-02-26 14:35:45 Image size of job updated: 669084
	623  -  MemoryUsage of job (MB)
	637436  -  ResidentSetSize of job (KB)
...
006 (168.003.000) 2025-02-26 14:40:46 Image size of job updated: 670908
	651  -  MemoryUsage of job (MB)
	666036  -  ResidentSetSize of job (KB)
...
006 (168.003.000) 2025-02-26 14:45:47 Image size of job updated: 675824
	651  -  MemoryUsage of job (MB)
	666036  -  ResidentSetSize of job (KB)
...
006 (168.003.000) 2025-02-26 14:50:47 Image size of job updated: 681888
	652  -  MemoryUsage of job (MB)
	667316  -  ResidentSetSize of job (KB)
...
006 (168.003.000) 2025-02-26 14:55:48 Image size of job updated: 689452
	652  -  MemoryUsage of job (MB)
	667388  -  ResidentSetSize of job (KB)
...
006 (168.003.000) 2025-02-26 15:00:48 Image size of job updated: 689868
	652  -  MemoryUsage of job (MB)
	667388  -  ResidentSetSize of job (KB)
...
006 (168.003.000) 2025-02-26 15:05:48 Image size of job updated: 699760
	652  -  MemoryUsage of job (MB)
	667388  -  ResidentSetSize of job (KB)
...
006 (168.003.000) 2025-02-26 15:10:49 Image size of job updated: 703176
	669  -  MemoryUsage of job (MB)
	684580  -  ResidentSetSize of job (KB)
...
006 (168.003.000) 2025-02-26 15:15:49 Image size of job updated: 707976
	670  -  MemoryUsage of job (MB)
	685168  -  ResidentSetSize of job (KB)
...
006 (168.003.000) 2025-02-26 15:20:49 Image size of job updated: 710292
	670  -  MemoryUsage of job (MB)
	685168  -  ResidentSetSize of job (KB)
...
006 (168.003.000) 2025-02-26 15:25:50 Image size of job updated: 713564
	670  -  MemoryUsage of job (MB)
	685168  -  ResidentSetSize of job (KB)
...
006 (168.003.000) 2025-02-26 15:30:50 Image size of job updated: 716276
	670  -  MemoryUsage of job (MB)
	685168  -  ResidentSetSize of job (KB)
...
006 (168.003.000) 2025-02-26 15:35:51 Image size of job updated: 722872
	670  -  MemoryUsage of job (MB)
	685168  -  ResidentSetSize of job (KB)
...
006 (168.003.000) 2025-02-26 15:40:52 Image size of job updated: 725672
	686  -  MemoryUsage of job (MB)
	701832  -  ResidentSetSize of job (KB)
...
006 (168.003.000) 2025-02-26 15:45:52 Image size of job updated: 732940
	686  -  MemoryUsage of job (MB)
	701832  -  ResidentSetSize of job (KB)
...
006 (168.003.000) 2025-02-26 15:50:53 Image size of job updated: 735916
	686  -  MemoryUsage of job (MB)
	701832  -  ResidentSetSize of job (KB)
...
006 (168.003.000) 2025-02-26 15:55:53 Image size of job updated: 737436
	686  -  MemoryUsage of job (MB)
	701832  -  ResidentSetSize of job (KB)
...
006 (168.003.000) 2025-02-26 16:00:53 Image size of job updated: 740844
	686  -  MemoryUsage of job (MB)
	701832  -  ResidentSetSize of job (KB)
...
006 (168.003.000) 2025-02-26 16:05:54 Image size of job updated: 746572
	705  -  MemoryUsage of job (MB)
	721500  -  ResidentSetSize of job (KB)
...
006 (168.003.000) 2025-02-26 16:10:54 Image size of job updated: 750164
	705  -  MemoryUsage of job (MB)
	721500  -  ResidentSetSize of job (KB)
...
006 (168.003.000) 2025-02-26 16:15:19 Image size of job updated: 754160
	705  -  MemoryUsage of job (MB)
	721500  -  ResidentSetSize of job (KB)
...
005 (168.003.000) 2025-02-26 16:15:19 Job terminated.
	(1) Normal termination (return value 0)
		Usr 0 01:53:33, Sys 0 00:26:22  -  Run Remote Usage
		Usr 0 00:00:00, Sys 0 00:00:00  -  Run Local Usage
		Usr 0 01:53:33, Sys 0 00:26:22  -  Total Remote Usage
		Usr 0 00:00:00, Sys 0 00:00:00  -  Total Local Usage
	0  -  Run Bytes Sent By Job
	0  -  Run Bytes Received By Job
	0  -  Total Bytes Sent By Job
	0  -  Total Bytes Received By Job
	Partitionable Resources :    Usage  Request Allocated 
	   Cpus                 :     0.10       14        14 
	   Disk (KB)            :    25          25      1250 
	   GPUs                 :                           0 
	   Memory (MB)          :   705       28000     28000 
	   TimeExecute (s)      :  8086                       
	   TimeSlotBusy (s)     :  8086                       

	Job terminated of its own accord at 2025-02-26T07:15:19Z with exit-code 0.
...
