000 (169.000.000) 2025-02-26 17:48:23 Job submitted from host: <210.117.208.232:9618?addrs=210.117.208.232-9618&alias=login-0-1.cluster&noUDP&sock=schedd_13260_d5e7>
...
001 (169.000.000) 2025-02-26 17:48:24 Job executing on host: <10.1.1.2:9618?addrs=10.1.1.2-9618&alias=compute-1-0.yhep&noUDP&sock=startd_53615_024b>
	SlotName: slot101_1@compute-1-0.yhep
	CondorScratchDir = "/var/lib/condor/execute/dir_2703763"
	Cpus = 14
	Disk = 1250
	GPUs = 0
	Memory = 28000
...
006 (169.000.000) 2025-02-26 17:48:32 Image size of job updated: 186456
	183  -  MemoryUsage of job (MB)
	186456  -  ResidentSetSize of job (KB)
...
006 (169.000.000) 2025-02-26 17:53:32 Image size of job updated: 2197008
	1289  -  MemoryUsage of job (MB)
	1318976  -  ResidentSetSize of job (KB)
...
006 (169.000.000) 2025-02-26 18:03:33 Image size of job updated: 2197008
	1293  -  MemoryUsage of job (MB)
	1323832  -  ResidentSetSize of job (KB)
...
006 (169.000.000) 2025-02-26 18:08:33 Image size of job updated: 2197008
	1366  -  MemoryUsage of job (MB)
	1398052  -  ResidentSetSize of job (KB)
...
006 (169.000.000) 2025-02-26 18:33:36 Image size of job updated: 2197008
	1462  -  MemoryUsage of job (MB)
	1496084  -  ResidentSetSize of job (KB)
...
006 (169.000.000) 2025-02-26 18:53:39 Image size of job updated: 2197008
	1482  -  MemoryUsage of job (MB)
	1517088  -  ResidentSetSize of job (KB)
...
006 (169.000.000) 2025-02-26 18:58:40 Image size of job updated: 2197008
	1486  -  MemoryUsage of job (MB)
	1520684  -  ResidentSetSize of job (KB)
...
006 (169.000.000) 2025-02-26 19:03:40 Image size of job updated: 2197008
	1536  -  MemoryUsage of job (MB)
	1572844  -  ResidentSetSize of job (KB)
...
006 (169.000.000) 2025-02-26 19:08:41 Image size of job updated: 2197008
	1548  -  MemoryUsage of job (MB)
	1584800  -  ResidentSetSize of job (KB)
...
006 (169.000.000) 2025-02-26 19:23:42 Image size of job updated: 2197008
	1580  -  MemoryUsage of job (MB)
	1617380  -  ResidentSetSize of job (KB)
...
006 (169.000.000) 2025-02-26 19:33:42 Image size of job updated: 2197008
	1598  -  MemoryUsage of job (MB)
	1635828  -  ResidentSetSize of job (KB)
...
006 (169.000.000) 2025-02-26 19:43:43 Image size of job updated: 2197008
	1617  -  MemoryUsage of job (MB)
	1654848  -  ResidentSetSize of job (KB)
...
006 (169.000.000) 2025-02-26 19:53:45 Image size of job updated: 2197008
	1637  -  MemoryUsage of job (MB)
	1675548  -  ResidentSetSize of job (KB)
...
005 (169.000.000) 2025-02-26 19:54:48 Job terminated.
	(1) Normal termination (return value 0)
		Usr 0 08:24:51, Sys 0 00:50:21  -  Run Remote Usage
		Usr 0 00:00:00, Sys 0 00:00:00  -  Run Local Usage
		Usr 0 08:24:51, Sys 0 00:50:21  -  Total Remote Usage
		Usr 0 00:00:00, Sys 0 00:00:00  -  Total Local Usage
	0  -  Run Bytes Sent By Job
	0  -  Run Bytes Received By Job
	0  -  Total Bytes Sent By Job
	0  -  Total Bytes Received By Job
	Partitionable Resources :    Usage  Request Allocated 
	   Cpus                 :     0.80       14        14 
	   Disk (KB)            :    25          25      1250 
	   GPUs                 :                           0 
	   Memory (MB)          :  1637       28000     28000 
	   TimeExecute (s)      :  7584                       
	   TimeSlotBusy (s)     :  7584                       

	Job terminated of its own accord at 2025-02-26T10:54:48Z with exit-code 0.
...
